// Jest Snapshot v1, https://goo.gl/fbAQLP

exports[`Ticker component should render Ticker component 1`] = `
<div
  className="ticker_item color_default"
>
  <span>
    <div>
      <div
        className="ticker_item_icon color_default"
      >
        <span
          aria-hidden="true"
          className="ticker_item_icon-container"
        >
          <svg
            className="ticker_item_icon-container arrow"
            focusable="false"
            height="16"
            viewBox="0 0 24 24"
            width="16"
          >
            <path
              d="M16.79 7.79l-1.41 1.42L17.17 11H3v2h14.17l-1.79 1.79 1.41 1.42L21 12z"
            />
          </svg>
        </span>
      </div>
    </div>
  </span>
  <div
    className="ticker_item_wrapper"
  >
    <div
      className="ticker_item_main"
    >
      <div
        className="ticker_item_main_name"
      >
        Ticker_Mock
      </div>
      <div
        className="ticker_item_main_price"
      >
        1
      </div>
    </div>
    <div
      className="ticker_item_changes"
    >
      <span>
        1.1
        %
      </span>
      <span>
        0.1
      </span>
    </div>
  </div>
</div>
`;
